{
  metadata: {
    fileFormatVersion: '1',
  },
  results: [
    {
      cssSelector: 'html',
      htmlSnippet: '<html>',
      rule: 'html-has-lang',
      urls: [
        'http://localhost:5858/',
      ],
    },
    {
      cssSelector: '#non-decorative',
      htmlSnippet: '<img id="non-decorative" src="./img1.png">',
      rule: 'image-alt',
      urls: [
        'http://localhost:5858/',
      ],
    },
    {
      cssSelector: '#input-radio-1',
      htmlSnippet: '<input id="input-radio-1" type="radio" name="color" value="red" checked="">',
      rule: 'label',
      urls: [
        'http://localhost:5858/',
      ],
    },
    {
      cssSelector: 'input[value="blue"]',
      htmlSnippet: '<input type="radio" name="color" value="blue">',
      rule: 'label',
      urls: [
        'http://localhost:5858/',
      ],
    },
    {
      cssSelector: 'input[value="green"]',
      htmlSnippet: '<input type="radio" name="color" value="green">',
      rule: 'label',
      urls: [
        'http://localhost:5858/',
      ],
    },
  ],
}
